[2m15:05:17[22m [34m[@astrojs/netlify][39m Enabling sessions with Netlify Blobs
[2m15:05:18[22m [34m[vite][39m connected.
[2m15:05:22[22m [34m[vite][39m Environment loaded
[2m15:05:22[22m [34m[vite][39m Middleware loaded. Emulating features: aiGateway, blobs, database, edgeFunctions, functions, geolocation, headers, images, redirects, static.
[2m15:05:22[22m [34m[vite][39m 💭 Linking this project to a Netlify site lets you deploy your site, use any environment variables defined on your team and site and much more. Run [96mnpx netlify init[39m to get started.
[2m15:05:22[22m [34m[types][39m Generated [2m4ms[22m
[2m15:05:23[22m [34m[vite][39m connected.
[2m15:05:24[22m [34m[content][39m Syncing content
[2m15:05:24[22m [34m[content][39m Synced content
[42m[1m astro [22m[49m [32mv7.1.3[39m [2mready in[22m 24193 [2mms[22m
[2m┃[22m Local    [36mhttp://localhost:4321/[39m
[2m┃[22m Network  [2muse --host to expose[22m
[2m15:05:24[22m [32mwatching for file changes...[39m
[2m15:05:25[22m [34m[200][39m / [2m92ms[22m
[2m15:05:25[22m [34m[200][39m /api/config [2m1ms[22m
[2m15:05:38[22m [34m[200][39m /account/ [2m11ms[22m
[33m[1m15:05:38[22m [WARN] [vite][39m [33mAssets in public directory cannot be imported from JavaScript.
If you intend to import that asset, put the file in the src directory, and use [36m/src/data/happy-hours.json[33m instead of [36m/public/data/happy-hours.json[33m.
If you intend to use the URL of that asset, use [36m/data/happy-hours.json?url[33m.[39m
[2m15:05:38[22m [34m[200][39m /api/config [2m1ms[22m
[2m15:05:38[22m [34m[200][39m /api/account/me [2m1ms[22m
[2m15:05:38[22m [34m[200][39m /api/account/me [2m1ms[22m
[2m15:05:38[22m [34m[200][39m /api/admin/me [2m1ms[22m
[2m15:05:38[22m [34m[200][39m / [2m2ms[22m
[33m[1m15:05:38[22m [WARN] [vite][39m [33mAssets in public directory cannot be imported from JavaScript.
If you intend to import that asset, put the file in the src directory, and use [36m/src/data/happy-hours.json[33m instead of [36m/public/data/happy-hours.json[33m.
If you intend to use the URL of that asset, use [36m/data/happy-hours.json?url[33m.[39m
[33m[1m15:05:38[22m [WARN] [vite][39m [33mAssets in public directory cannot be imported from JavaScript.
If you intend to import that asset, put the file in the src directory, and use [36m/src/data/happy-hours.json[33m instead of [36m/public/data/happy-hours.json[33m.
If you intend to use the URL of that asset, use [36m/data/happy-hours.json?url[33m.[39m
[2m15:05:38[22m [34m[200][39m /api/account/me [2m1ms[22m
[2m15:05:38[22m [34m[200][39m /api/account/me [2m0ms[22m
[2m15:05:38[22m [34m[200][39m /api/promotions [2m4ms[22m
[2m15:05:38[22m [34m[200][39m /api/live-status [2m2ms[22m
[2m15:05:38[22m [34m[200][39m /api/admin/me [2m1ms[22m
[33m[1m15:05:39[22m [WARN] [vite][39m [33mAssets in public directory cannot be imported from JavaScript.
If you intend to import that asset, put the file in the src directory, and use [36m/src/data/happy-hours.json[33m instead of [36m/public/data/happy-hours.json[33m.
If you intend to use the URL of that asset, use [36m/data/happy-hours.json?url[33m.[39m
[2m15:26:58[22m [34m[200][39m / [2m3ms[22m
[33m[1m15:26:58[22m [WARN] [vite][39m [33mAssets in public directory cannot be imported from JavaScript.
If you intend to import that asset, put the file in the src directory, and use [36m/src/data/happy-hours.json[33m instead of [36m/public/data/happy-hours.json[33m.
If you intend to use the URL of that asset, use [36m/data/happy-hours.json?url[33m.[39m
[2m15:26:58[22m [34m[200][39m /api/account/me [2m1ms[22m
[2m15:26:58[22m [34m[200][39m /api/account/me [2m0ms[22m
[2m15:26:58[22m [34m[200][39m /api/live-status [2m0ms[22m
[2m15:26:58[22m [34m[200][39m /api/admin/me [2m1ms[22m
[2m15:26:58[22m [34m[200][39m /api/promotions [2m1ms[22m
[33m[1m15:26:58[22m [WARN] [vite][39m [33mAssets in public directory cannot be imported from JavaScript.
If you intend to import that asset, put the file in the src directory, and use [36m/src/data/happy-hours.json[33m instead of [36m/public/data/happy-hours.json[33m.
If you intend to use the URL of that asset, use [36m/data/happy-hours.json?url[33m.[39m
[2m15:26:59[22m [34m[200][39m /account/ [2m3ms[22m
[33m[1m15:26:59[22m [WARN] [vite][39m [33mAssets in public directory cannot be imported from JavaScript.
If you intend to import that asset, put the file in the src directory, and use [36m/src/data/happy-hours.json[33m instead of [36m/public/data/happy-hours.json[33m.
If you intend to use the URL of that asset, use [36m/data/happy-hours.json?url[33m.[39m
[2m15:26:59[22m [34m[200][39m /api/account/me [2m0ms[22m
[2m15:26:59[22m [34m[200][39m /api/config [2m0ms[22m
[2m15:26:59[22m [34m[200][39m /api/account/me [2m0ms[22m
[2m15:26:59[22m [34m[200][39m /api/admin/me [2m1ms[22m
[33m[1m15:27:00[22m [WARN] [vite][39m [33mAssets in public directory cannot be imported from JavaScript.
If you intend to import that asset, put the file in the src directory, and use [36m/src/data/happy-hours.json[33m instead of [36m/public/data/happy-hours.json[33m.
If you intend to use the URL of that asset, use [36m/data/happy-hours.json?url[33m.[39m
[2m15:27:05[22m [34m[200][39m [34mPOST[39m /api/account/google [2m266ms[22m
[2m15:27:05[22m [34m[200][39m /api/account/me [2m2ms[22m
[2m15:27:39[22m [34m[200][39m / [2m3ms[22m
[33m[1m15:27:40[22m [WARN] [vite][39m [33mAssets in public directory cannot be imported from JavaScript.
If you intend to import that asset, put the file in the src directory, and use [36m/src/data/happy-hours.json[33m instead of [36m/public/data/happy-hours.json[33m.
If you intend to use the URL of that asset, use [36m/data/happy-hours.json?url[33m.[39m
[2m15:27:40[22m [34m[200][39m /api/account/me [2m3ms[22m
[2m15:27:40[22m [34m[200][39m /api/live-status [2m1ms[22m
[2m15:27:40[22m [34m[200][39m /api/account/me [2m5ms[22m
[2m15:27:40[22m [34m[200][39m /api/promotions [2m2ms[22m
[2m15:27:40[22m [34m[200][39m /api/admin/me [2m3ms[22m
[33m[1m15:27:40[22m [WARN] [vite][39m [33mAssets in public directory cannot be imported from JavaScript.
If you intend to import that asset, put the file in the src directory, and use [36m/src/data/happy-hours.json[33m instead of [36m/public/data/happy-hours.json[33m.
If you intend to use the URL of that asset, use [36m/data/happy-hours.json?url[33m.[39m
[2m15:27:44[22m [34m[200][39m /account/ [2m1ms[22m
[33m[1m15:27:44[22m [WARN] [vite][39m [33mAssets in public directory cannot be imported from JavaScript.
If you intend to import that asset, put the file in the src directory, and use [36m/src/data/happy-hours.json[33m instead of [36m/public/data/happy-hours.json[33m.
If you intend to use the URL of that asset, use [36m/data/happy-hours.json?url[33m.[39m
[2m15:27:44[22m [34m[200][39m /api/config [2m0ms[22m
[2m15:27:44[22m [34m[200][39m /api/account/me [2m5ms[22m
[2m15:27:44[22m [34m[200][39m /api/account/me [2m2ms[22m
[2m15:27:44[22m [34m[200][39m /api/admin/me [2m2ms[22m
[33m[1m15:27:45[22m [WARN] [vite][39m [33mAssets in public directory cannot be imported from JavaScript.
If you intend to import that asset, put the file in the src directory, and use [36m/src/data/happy-hours.json[33m instead of [36m/public/data/happy-hours.json[33m.
If you intend to use the URL of that asset, use [36m/data/happy-hours.json?url[33m.[39m
[2m15:29:11[22m [34m[200][39m /admin/ [2m6ms[22m
[2m15:29:11[22m [34m[200][39m /api/account/me [2m3ms[22m
[2m15:29:11[22m [34m[200][39m /api/admin/me [2m3ms[22m
[2m15:29:11[22m [34m[200][39m /api/admin/me [2m3ms[22m
[2m15:29:11[22m [34m[200][39m /api/admin/submissions [2m2ms[22m
[2m15:29:31[22m [34m[200][39m / [2m2ms[22m
[33m[1m15:29:31[22m [WARN] [vite][39m [33mAssets in public directory cannot be imported from JavaScript.
If you intend to import that asset, put the file in the src directory, and use [36m/src/data/happy-hours.json[33m instead of [36m/public/data/happy-hours.json[33m.
If you intend to use the URL of that asset, use [36m/data/happy-hours.json?url[33m.[39m
[2m15:29:31[22m [34m[200][39m /api/account/me [2m2ms[22m
[2m15:29:31[22m [34m[200][39m /api/live-status [2m1ms[22m
[2m15:29:31[22m [34m[200][39m /api/promotions [2m2ms[22m
[2m15:29:31[22m [34m[200][39m /api/account/me [2m8ms[22m
[2m15:29:31[22m [34m[200][39m /api/admin/me [2m3ms[22m
[33m[1m15:29:32[22m [WARN] [vite][39m [33mAssets in public directory cannot be imported from JavaScript.
If you intend to import that asset, put the file in the src directory, and use [36m/src/data/happy-hours.json[33m instead of [36m/public/data/happy-hours.json[33m.
If you intend to use the URL of that asset, use [36m/data/happy-hours.json?url[33m.[39m
[2m15:43:58[22m [34m[200][39m / [2m2ms[22m
[2m16:07:27[22m [34m[200][39m / [2m3ms[22m
